ROM Bank #0 (HOME):
  SECTION: $0000-$0000 ($0001 bytes)
           $0000 = rst00
  SECTION: $0008-$000B ($0004 bytes)
           $0008 = jumpFarBank
  SECTION: $0010-$0016 ($0007 bytes)
           $0010 = waitFrames
  SECTION: $0017-$001F ($0009 bytes)
           $0018 = fillBytes
           $0017 = fillMemory
  SECTION: $0020-$0020 ($0001 bytes)
           $0020 = rst20
  SECTION: $0028-$0028 ($0001 bytes)
           $0028 = rst28
  SECTION: $0030-$0030 ($0001 bytes)
           $0030 = rst30
  SECTION: $0038-$003E ($0007 bytes)
           $0038 = callFarBank
  SECTION: $0040-$0040 ($0001 bytes)
  SECTION: $0048-$0048 ($0001 bytes)
  SECTION: $0050-$0050 ($0001 bytes)
  SECTION: $0058-$0058 ($0001 bytes)
  SECTION: $0060-$0060 ($0001 bytes)
  SECTION: $0068-$00C8 ($0061 bytes)
           $0069 = copyBytes
           $0083 = skipWaitFreeVRAMaccess
           $007A = copyVRAM
           $00A5 = VRAMisFree
           $009A = fillVRAM
           $0092 = fillToVRAM
           $0075 = copyToVRAM
           $0068 = copy
           $00B1 = getLevelName
  SECTION: $0100-$014F ($0050 bytes)
  SECTION: $0150-$03DE ($028F bytes)
           $0150 = Start
           $0212 = printMOTD
           $021F = printMOTD2
           $02A4 = scrollScreen
           $032F = moveLevelSelectCursor
           $02F0 = levelSelectMenu
           $033A = loadLevel
           $01FE = scrollDown
           $02B0 = printSelectedLevelsName
           $037B = moveSprites
           $0399 = putDigits
           $03B4 = compareDigitList
           $0290 = levelSelect
           $03BE = levelEnd
           $0245 = blinkPushSTART1
           $025E = blinkPushSTART2
           $0232 = pushSTART
           $02A6 = scrollToLevelSelect
           $026C = blinkSTART
           $02E3 = waitReleaseDpad
           $03D9 = gameLoop
           $0373 = drawLevel
    SLACK: $3C9C bytes

ROM Bank #1:
  SECTION: $4000-$4DD9 ($0DDA bytes)
           $426C = Tiles
           $4A4C = TileDataEnd
           $4000 = unlicenseTileMap
           $4130 = introTileMap
           $4DCE = DMAscript
           $4DDA = DMAscriptEnd
           $4D52 = sprites
           $4DCE = spritesEnd
           $4261 = introTileMap2
           $4AAB = titleTiles
           $4C8B = titleTilesEnd
           $4C8B = titleTileMap
           $4D1E = titleTileMapEnd
           $4D1E = motdTiles
           $4D40 = pushSTARTtiles
           $4D52 = pushSTARTtilesEnd
           $4DD6 = DMAloop
    SLACK: $3226 bytes

ROM Bank #2:
  SECTION: $4000-$6E8F ($2E90 bytes)
           $6D00 = levelSelectTileMap
           $6E90 = levelSelectTileMapEnd
           $6D70 = levelSelectClearMap
    SLACK: $1170 bytes

WRAM Bank #0:
  EMPTY

WRAM Bank #1:
  EMPTY

WRAM Bank #2:
  EMPTY

WRAM Bank #3:
  EMPTY

WRAM Bank #4:
  EMPTY

WRAM Bank #5:
  EMPTY

WRAM Bank #6:
  EMPTY

WRAM Bank #7:
  EMPTY

VRAM Bank #0:
  EMPTY

VRAM Bank #1:
  EMPTY

HRAM:
  EMPTY

SRAM Bank #0:
  EMPTY

SRAM Bank #1:
  EMPTY

SRAM Bank #2:
  EMPTY

SRAM Bank #3:
  EMPTY

